
> Configure project :
Fabric Loom: 1.9.2

> Task :compileJava FAILED
C:\Users\aliey\OneDrive\Masaüstü\app\Eymistakens HUD\src\main\java\com\eymistaken\simplecps\ComboTracker.java:37: error: cannot find symbol
        if (currentTargetUuid != null && !currentTargetUuid.equals(targetId)) {
            ^
  symbol:   variable currentTargetUuid
  location: class ComboTracker
C:\Users\aliey\OneDrive\Masaüstü\app\Eymistakens HUD\src\main\java\com\eymistaken\simplecps\ComboTracker.java:37: error: cannot find symbol
        if (currentTargetUuid != null && !currentTargetUuid.equals(targetId)) {
                                          ^
  symbol:   variable currentTargetUuid
  location: class ComboTracker
C:\Users\aliey\OneDrive\Masaüstü\app\Eymistakens HUD\src\main\java\com\eymistaken\simplecps\ComboTracker.java:43: error: cannot find symbol
        currentTargetUuid = targetId;
        ^
  symbol:   variable currentTargetUuid
  location: class ComboTracker
C:\Users\aliey\OneDrive\Masaüstü\app\Eymistakens HUD\src\main\java\com\eymistaken\simplecps\ComboTracker.java:76: error: cannot find symbol
                if (currentTarget == null || !currentTarget.getUuid().equals(currentTargetUuid)) {
                                                                             ^
  symbol:   variable currentTargetUuid
  location: class ComboTracker
C:\Users\aliey\OneDrive\Masaüstü\app\Eymistakens HUD\src\main\java\com\eymistaken\simplecps\ComboTracker.java:103: error: cannot find symbol
        if (combo > 0 && currentTargetUuid != null) {
                         ^
  symbol:   variable currentTargetUuid
  location: class ComboTracker
C:\Users\aliey\OneDrive\Masaüstü\app\Eymistakens HUD\src\main\java\com\eymistaken\simplecps\ComboTracker.java:104: error: cannot find symbol
            if (attacker != null && attacker.getUuid().equals(currentTargetUuid)) {
                                                              ^
  symbol:   variable currentTargetUuid
  location: class ComboTracker
C:\Users\aliey\OneDrive\Masaüstü\app\Eymistakens HUD\src\main\java\com\eymistaken\simplecps\ComboTracker.java:117: error: cannot find symbol
        currentTargetUuid = null;
        ^
  symbol:   variable currentTargetUuid
  location: class ComboTracker
C:\Users\aliey\OneDrive\Masaüstü\app\Eymistakens HUD\src\main\java\com\eymistaken\simplecps\gui\HudEditorScreen.java:91: error: method does not override or implement a method from a supertype
    @Override
    ^
C:\Users\aliey\OneDrive\Masaüstü\app\Eymistakens HUD\src\main\java\com\eymistaken\simplecps\gui\HudEditorScreen.java:123: error: method mouseClicked in interface ParentElement cannot be applied to given types;
        return super.mouseClicked(mouseX, mouseY, button);
                    ^
  required: Click,boolean
  found:    double,double,int
  reason: actual and formal argument lists differ in length
C:\Users\aliey\OneDrive\Masaüstü\app\Eymistakens HUD\src\main\java\com\eymistaken\simplecps\gui\HudEditorScreen.java:126: error: method does not override or implement a method from a supertype
    @Override
    ^
C:\Users\aliey\OneDrive\Masaüstü\app\Eymistakens HUD\src\main\java\com\eymistaken\simplecps\gui\HudEditorScreen.java:132: error: method mouseReleased in interface ParentElement cannot be applied to given types;
        return super.mouseReleased(mouseX, mouseY, button);
                    ^
  required: Click
  found:    double,double,int
  reason: actual and formal argument lists differ in length
C:\Users\aliey\OneDrive\Masaüstü\app\Eymistakens HUD\src\main\java\com\eymistaken\simplecps\gui\HudEditorScreen.java:135: error: method does not override or implement a method from a supertype
    @Override
    ^
C:\Users\aliey\OneDrive\Masaüstü\app\Eymistakens HUD\src\main\java\com\eymistaken\simplecps\gui\HudEditorScreen.java:168: error: method mouseDragged in interface ParentElement cannot be applied to given types;
        return super.mouseDragged(mouseX, mouseY, button, deltaX, deltaY);
                    ^
  required: Click,double,double
  found:    double,double,int,double,double
  reason: actual and formal argument lists differ in length
C:\Users\aliey\OneDrive\Masaüstü\app\Eymistakens HUD\src\main\java\com\eymistaken\simplecps\gui\KeystrokesDesignerScreen.java:216: error: method does not override or implement a method from a supertype
    @Override
    ^
C:\Users\aliey\OneDrive\Masaüstü\app\Eymistakens HUD\src\main\java\com\eymistaken\simplecps\gui\KeystrokesDesignerScreen.java:338: error: method does not override or implement a method from a supertype
    @Override
    ^
C:\Users\aliey\OneDrive\Masaüstü\app\Eymistakens HUD\src\main\java\com\eymistaken\simplecps\gui\KeystrokesDesignerScreen.java:431: error: method does not override or implement a method from a supertype
    @Override
    ^
C:\Users\aliey\OneDrive\Masaüstü\app\Eymistakens HUD\src\main\java\com\eymistaken\simplecps\gui\KeystrokesDesignerScreen.java:489: error: method does not override or implement a method from a supertype
    @Override
    ^
C:\Users\aliey\OneDrive\Masaüstü\app\Eymistakens HUD\src\main\java\com\eymistaken\simplecps\gui\KeystrokesDesignerScreen.java:556: error: method keyPressed in class Screen cannot be applied to given types;
        return super.keyPressed(keyCode, scanCode, modifiers);
                    ^
  required: KeyInput
  found:    int,int,int
  reason: actual and formal argument lists differ in length
C:\Users\aliey\OneDrive\Masaüstü\app\Eymistakens HUD\src\main\java\com\eymistaken\simplecps\gui\KeystrokesDesignerScreen.java:559: error: method does not override or implement a method from a supertype
    @Override
    ^
C:\Users\aliey\OneDrive\Masaüstü\app\Eymistakens HUD\src\main\java\com\eymistaken\simplecps\gui\KeystrokesDesignerScreen.java:566: error: method charTyped in interface ParentElement cannot be applied to given types;
        return super.charTyped(chr, modifiers);
                    ^
  required: CharInput
  found:    char,int
  reason: actual and formal argument lists differ in length
20 errors
[Incubating] Problems report is available at: file:///C:/Users/aliey/OneDrive/Masa%C3%BCst%C3%BC/app/Eymistakens%20HUD/build/reports/problems/problems-report.html

FAILURE: Build failed with an exception.

* What went wrong:
Execution failed for task ':compileJava'.
> Compilation failed; see the compiler output below.
  C:\Users\aliey\OneDrive\Masaüstü\app\Eymistakens HUD\src\main\java\com\eymistaken\simplecps\gui\HudEditorScreen.java:91: error: method does not override or implement a method from a supertype
      @Override
      ^
  C:\Users\aliey\OneDrive\Masaüstü\app\Eymistakens HUD\src\main\java\com\eymistaken\simplecps\gui\HudEditorScreen.java:126: error: method does not override or implement a method from a supertype
      @Override
      ^
  C:\Users\aliey\OneDrive\Masaüstü\app\Eymistakens HUD\src\main\java\com\eymistaken\simplecps\gui\HudEditorScreen.java:135: error: method does not override or implement a method from a supertype
      @Override
      ^
  C:\Users\aliey\OneDrive\Masaüstü\app\Eymistakens HUD\src\main\java\com\eymistaken\simplecps\gui\KeystrokesDesignerScreen.java:216: error: method does not override or implement a method from a supertype
      @Override
      ^
  C:\Users\aliey\OneDrive\Masaüstü\app\Eymistakens HUD\src\main\java\com\eymistaken\simplecps\gui\KeystrokesDesignerScreen.java:338: error: method does not override or implement a method from a supertype
      @Override
      ^
  C:\Users\aliey\OneDrive\Masaüstü\app\Eymistakens HUD\src\main\java\com\eymistaken\simplecps\gui\KeystrokesDesignerScreen.java:431: error: method does not override or implement a method from a supertype
      @Override
      ^
  C:\Users\aliey\OneDrive\Masaüstü\app\Eymistakens HUD\src\main\java\com\eymistaken\simplecps\gui\KeystrokesDesignerScreen.java:489: error: method does not override or implement a method from a supertype
      @Override
      ^
  C:\Users\aliey\OneDrive\Masaüstü\app\Eymistakens HUD\src\main\java\com\eymistaken\simplecps\gui\KeystrokesDesignerScreen.java:559: error: method does not override or implement a method from a supertype
      @Override
      ^
  C:\Users\aliey\OneDrive\Masaüstü\app\Eymistakens HUD\src\main\java\com\eymistaken\simplecps\gui\HudEditorScreen.java:123: error: method mouseClicked in interface ParentElement cannot be applied to given types;
          return super.mouseClicked(mouseX, mouseY, button);
                      ^
    required: Click,boolean
    found:    double,double,int
    reason: actual and formal argument lists differ in length
  C:\Users\aliey\OneDrive\Masaüstü\app\Eymistakens HUD\src\main\java\com\eymistaken\simplecps\gui\HudEditorScreen.java:132: error: method mouseReleased in interface ParentElement cannot be applied to given types;
          return super.mouseReleased(mouseX, mouseY, button);
                      ^
    required: Click
    found:    double,double,int
    reason: actual and formal argument lists differ in length
  C:\Users\aliey\OneDrive\Masaüstü\app\Eymistakens HUD\src\main\java\com\eymistaken\simplecps\gui\HudEditorScreen.java:168: error: method mouseDragged in interface ParentElement cannot be applied to given types;
          return super.mouseDragged(mouseX, mouseY, button, deltaX, deltaY);
                      ^
    required: Click,double,double
    found:    double,double,int,double,double
    reason: actual and formal argument lists differ in length
  C:\Users\aliey\OneDrive\Masaüstü\app\Eymistakens HUD\src\main\java\com\eymistaken\simplecps\gui\KeystrokesDesignerScreen.java:556: error: method keyPressed in class Screen cannot be applied to given types;
          return super.keyPressed(keyCode, scanCode, modifiers);
                      ^
    required: KeyInput
    found:    int,int,int
    reason: actual and formal argument lists differ in length
  C:\Users\aliey\OneDrive\Masaüstü\app\Eymistakens HUD\src\main\java\com\eymistaken\simplecps\gui\KeystrokesDesignerScreen.java:566: error: method charTyped in interface ParentElement cannot be applied to given types;
          return super.charTyped(chr, modifiers);
                      ^
    required: CharInput
    found:    char,int
    reason: actual and formal argument lists differ in length
  C:\Users\aliey\OneDrive\Masaüstü\app\Eymistakens HUD\src\main\java\com\eymistaken\simplecps\ComboTracker.java:37: error: cannot find symbol
          if (currentTargetUuid != null && !currentTargetUuid.equals(targetId)) {
              ^
    symbol:   variable currentTargetUuid
    location: class ComboTracker
  C:\Users\aliey\OneDrive\Masaüstü\app\Eymistakens HUD\src\main\java\com\eymistaken\simplecps\ComboTracker.java:37: error: cannot find symbol
          if (currentTargetUuid != null && !currentTargetUuid.equals(targetId)) {
                                            ^
    symbol:   variable currentTargetUuid
    location: class ComboTracker
  C:\Users\aliey\OneDrive\Masaüstü\app\Eymistakens HUD\src\main\java\com\eymistaken\simplecps\ComboTracker.java:43: error: cannot find symbol
          currentTargetUuid = targetId;
          ^
    symbol:   variable currentTargetUuid
    location: class ComboTracker
  C:\Users\aliey\OneDrive\Masaüstü\app\Eymistakens HUD\src\main\java\com\eymistaken\simplecps\ComboTracker.java:76: error: cannot find symbol
                  if (currentTarget == null || !currentTarget.getUuid().equals(currentTargetUuid)) {
                                                                               ^
    symbol:   variable currentTargetUuid
    location: class ComboTracker
  C:\Users\aliey\OneDrive\Masaüstü\app\Eymistakens HUD\src\main\java\com\eymistaken\simplecps\ComboTracker.java:103: error: cannot find symbol
          if (combo > 0 && currentTargetUuid != null) {
                           ^
    symbol:   variable currentTargetUuid
    location: class ComboTracker
  C:\Users\aliey\OneDrive\Masaüstü\app\Eymistakens HUD\src\main\java\com\eymistaken\simplecps\ComboTracker.java:104: error: cannot find symbol
              if (attacker != null && attacker.getUuid().equals(currentTargetUuid)) {
                                                                ^
    symbol:   variable currentTargetUuid
    location: class ComboTracker
  C:\Users\aliey\OneDrive\Masaüstü\app\Eymistakens HUD\src\main\java\com\eymistaken\simplecps\ComboTracker.java:117: error: cannot find symbol
          currentTargetUuid = null;
          ^
    symbol:   variable currentTargetUuid
    location: class ComboTracker
  20 errors

* Try:
> Check your code and dependencies to fix the compilation error(s)
> Run with --scan to get full insights.

BUILD FAILED in 3s
1 actionable task: 1 executed
