
> Configure project :
Fabric Loom: 1.9.2

> Task :compileJava FAILED
C:\Users\aliey\OneDrive\Masaüstü\app\Eymistakens HUD\src\main\java\com\eymistaken\simplecps\SimpleCPSClient.java:626: error: incompatible types: int cannot be converted to Matrix3x2f
            context.getMatrices().translate(cpsX, cpsY, 0);
                                                        ^
C:\Users\aliey\OneDrive\Masaüstü\app\Eymistakens HUD\src\main\java\com\eymistaken\simplecps\SimpleCPSClient.java:627: error: incompatible types: float cannot be converted to Matrix3x2f
            context.getMatrices().scale(smallScale, smallScale, 1f);
                                                                ^
Note: Some messages have been simplified; recompile with -Xdiags:verbose to get full output
2 errors
[Incubating] Problems report is available at: file:///C:/Users/aliey/OneDrive/Masa%C3%BCst%C3%BC/app/Eymistakens%20HUD/build/reports/problems/problems-report.html

FAILURE: Build failed with an exception.

* What went wrong:
Execution failed for task ':compileJava'.
> Compilation failed; see the compiler output below.
  C:\Users\aliey\OneDrive\Masaüstü\app\Eymistakens HUD\src\main\java\com\eymistaken\simplecps\SimpleCPSClient.java:626: error: incompatible types: int cannot be converted to Matrix3x2f
              context.getMatrices().translate(cpsX, cpsY, 0);
                                                          ^
  C:\Users\aliey\OneDrive\Masaüstü\app\Eymistakens HUD\src\main\java\com\eymistaken\simplecps\SimpleCPSClient.java:627: error: incompatible types: float cannot be converted to Matrix3x2f
              context.getMatrices().scale(smallScale, smallScale, 1f);
                                                                  ^
  Note: Some messages have been simplified; recompile with -Xdiags:verbose to get full output
  2 errors

* Try:
> Check your code and dependencies to fix the compilation error(s)
> Run with --scan to get full insights.

BUILD FAILED in 2s
1 actionable task: 1 executed
